12
-99 18
-91 98
-41 100
48 91
75 85
85 74
90 31
96 -31
79 -75
6 -96
-68 -77
-88 -54
