24
-1231 55
-1230 1018
-1171 1216
-1051 1224
-564 1232
568 1231
1060 1213
1174 1058
1229 941
1232 -331
1224 -530
1212 -785
1201 -1007
1172 -1103
1122 -1161
1104 -1177
972 -1197
509 -1234
-807 -1228
-1109 -1221
-1165 -1212
-1193 -1167
-1211 -1080
-1220 -642
