22
-10000 -9308
-9996 7759
-9968 9718
-9906 9988
-9708 9992
-1853 10000
5361 9994
8786 9987
9367 9965
9637 9872
9943 9518
9982 8864
9992 3855
9998 -4646
9996 -7111
9919 -9941
9456 -9985
8799 -9995
-6270 -10000
-9064 -9978
-9782 -9950
-9958 -9815
