19
-10000 -2815
-9997 8629
-9975 9744
-9827 9847
-9041 9997
-3948 10000
-1362 10000
9328 9991
9991 9955
10000 8232
10000 4978
9998 -6529
9997 -9973
9282 -10000
686 -9999
-5900 -9998
-8926 -9995
-9794 -9947
-9994 -9931
