5
-100 -98
-100 100
100 100
100 -100
-99 -100
