11
-239 -211
-239 236
-237 238
-220 239
235 239
239 227
239 -228
238 -232
224 -239
-235 -239
-238 -238
