8
-209 -209
-209 207
-207 210
197 210
210 209
210 -204
202 -208
189 -209
