24
-2309 -1035
-2309 904
-2308 2249
-2273 2288
-2232 2304
-2014 2307
-886 2310
1543 2310
2073 2308
2178 2305
2291 2301
2303 2190
2310 2020
2310 -1328
2309 -1974
2304 -2188
2298 -2287
2170 -2309
-1732 -2309
-2113 -2306
-2151 -2298
-2291 -2266
-2300 -2248
-2308 -2206
